  threading.cpp
C:\Program Files\Microsoft Visual Studio\18\Community\VC\Tools\MSVC\14.51.36231\include\thread(60,14): error C2672: 'invoke': no matching overloaded function found
  (compiling source file 'threading.cpp')
      C:\Program Files\Microsoft Visual Studio\18\Community\VC\Tools\MSVC\14.51.36231\include\type_traits(1805,16):
      could be 'unknown-type std::invoke(_Callable &&,_Ty1 &&,_Types2 ...) noexcept(<expr>)'
          C:\Program Files\Microsoft Visual Studio\18\Community\VC\Tools\MSVC\14.51.36231\include\thread(60,14):
          Failed to specialize function template 'unknown-type std::invoke(_Callable &&,_Ty1 &&,_Types2 ...) noexcept(<expr>)'
              C:\Program Files\Microsoft Visual Studio\18\Community\VC\Tools\MSVC\14.51.36231\include\thread(60,14):
              With the following template arguments:
                  C:\Program Files\Microsoft Visual Studio\18\Community\VC\Tools\MSVC\14.51.36231\include\thread(60,14):
                  '_Callable=void (__cdecl *)(char,int)'
                  C:\Program Files\Microsoft Visual Studio\18\Community\VC\Tools\MSVC\14.51.36231\include\thread(60,14):
                  '_Ty1=const char *'
                  C:\Program Files\Microsoft Visual Studio\18\Community\VC\Tools\MSVC\14.51.36231\include\thread(60,14):
                  '_Types2={int}'
              C:\Program Files\Microsoft Visual Studio\18\Community\VC\Tools\MSVC\14.51.36231\include\type_traits(1808,45):
              'std::_Invoker_functor::_Call': no matching overloaded function found
                  C:\Program Files\Microsoft Visual Studio\18\Community\VC\Tools\MSVC\14.51.36231\include\type_traits(1705,27):
                  could be 'unknown-type std::_Invoker_functor::_Call(_Callable &&,_Types ...) noexcept(<expr>)'
      C:\Program Files\Microsoft Visual Studio\18\Community\VC\Tools\MSVC\14.51.36231\include\type_traits(1799,16):
      or       'unknown-type std::invoke(_Callable &&) noexcept(<expr>)'
          C:\Program Files\Microsoft Visual Studio\18\Community\VC\Tools\MSVC\14.51.36231\include\thread(60,14):
          'unknown-type std::invoke(_Callable &&) noexcept(<expr>)': expects 1 arguments - 3 provided
      C:\Program Files\Microsoft Visual Studio\18\Community\VC\Tools\MSVC\14.51.36231\include\thread(60,14):
      the template instantiation context (the oldest one first) is
          C:\Users\fboon\OneDrive\Documents\GitHub\Cpp2\threading\threading\threading.cpp(49,11):
          see reference to function template instantiation 'std::thread::thread<void(__cdecl &)(char,int),const char(&)[2],int,0>(_Fn,const char (&)[2],int &&)' being compiled
          with
          [
              _Fn=void (__cdecl &)(char,int)
          ]
          C:\Program Files\Microsoft Visual Studio\18\Community\VC\Tools\MSVC\14.51.36231\include\thread(93,9):
          see reference to function template instantiation 'void std::thread::_Start<void(__cdecl &)(char,int),const char(&)[2],_Ty>(_Fn,const char (&)[2],_Ty &&)' being compiled
          with
          [
              _Ty=int,
              _Fn=void (__cdecl &)(char,int)
          ]
          C:\Program Files\Microsoft Visual Studio\18\Community\VC\Tools\MSVC\14.51.36231\include\thread(76,40):
          see reference to function template instantiation 'unsigned int (__cdecl *std::thread::_Get_invoke<std::thread::_Start::_Tuple,0,1,2>(std::integer_sequence<size_t,0,1,2>) noexcept)(void *) noexcept' being compiled
          C:\Program Files\Microsoft Visual Studio\18\Community\VC\Tools\MSVC\14.51.36231\include\thread(67,17):
          see reference to function template instantiation 'unsigned int std::thread::_Invoke<std::thread::_Start::_Tuple,0,1,2>(void *) noexcept' being compiled
  
